[[1;34mINFO[m] Scanning for projects...
[[1;34mINFO[m] 
[[1;34mINFO[m] [1m--------------------< [0;36mbr.com.ecad:arrecadacao-api[0;1m >---------------------[m
[[1;34mINFO[m] [1mBuilding arrecadacao-api 0.1.0-SNAPSHOT[m
[[1;34mINFO[m] [1m--------------------------------[ jar ]---------------------------------[m
[[1;34mINFO[m] 
[[1;34mINFO[m] [1m>>> [0;32mspring-boot-maven-plugin:3.3.5:run[m [1m(default-cli)[0;1m > [0;1mtest-compile[m @ [36marrecadacao-api[0;1m >>>[m
[[1;34mINFO[m] 
[[1;34mINFO[m] [1m--- [0;32mmaven-resources-plugin:2.6:resources[m [1m(default-resources)[m @ [36marrecadacao-api[0;1m ---[m
[[1;34mINFO[m] Using 'UTF-8' encoding to copy filtered resources.
[[1;34mINFO[m] Copying 2 resources
[[1;34mINFO[m] 
[[1;34mINFO[m] [1m--- [0;32mmaven-compiler-plugin:3.13.0:compile[m [1m(default-compile)[m @ [36marrecadacao-api[0;1m ---[m
[[1;34mINFO[m] Nothing to compile - all classes are up to date.
[[1;34mINFO[m] 
[[1;34mINFO[m] [1m--- [0;32mmaven-resources-plugin:2.6:testResources[m [1m(default-testResources)[m @ [36marrecadacao-api[0;1m ---[m
[[1;34mINFO[m] Using 'UTF-8' encoding to copy filtered resources.
[[1;34mINFO[m] skip non existing resourceDirectory /home/tsgomes/mcad/services/arrecadacao-api/arrecadacao-api/src/test/resources
[[1;34mINFO[m] 
[[1;34mINFO[m] [1m--- [0;32mmaven-compiler-plugin:3.13.0:testCompile[m [1m(default-testCompile)[m @ [36marrecadacao-api[0;1m ---[m
[[1;34mINFO[m] No sources to compile
[[1;34mINFO[m] 
[[1;34mINFO[m] [1m<<< [0;32mspring-boot-maven-plugin:3.3.5:run[m [1m(default-cli)[0;1m < [0;1mtest-compile[m @ [36marrecadacao-api[0;1m <<<[m
[[1;34mINFO[m] 
[[1;34mINFO[m] 
[[1;34mINFO[m] [1m--- [0;32mspring-boot-maven-plugin:3.3.5:run[m [1m(default-cli)[m @ [36marrecadacao-api[0;1m ---[m
[[1;34mINFO[m] Attaching agents: []

  .   ____          _            __ _ _
 /\\ / ___'_ __ _ _(_)_ __  __ _ \ \ \ \
( ( )\___ | '_ | '_| | '_ \/ _` | \ \ \ \
 \\/  ___)| |_)| | | | | || (_| |  ) ) ) )
  '  |____| .__|_| |_|_| |_\__, | / / / /
 =========|_|==============|___/=/_/_/_/

 :: Spring Boot ::                (v3.3.5)

2026-04-13T10:48:47.985-03:00  INFO 55817 --- [arrecadacao-api] [           main] b.c.e.a.api.ArrecadacaoApplication       : Starting ArrecadacaoApplication using Java 21.0.10 with PID 55817 (/home/tsgomes/mcad/services/arrecadacao-api/arrecadacao-api/target/classes started by tsgomes in /home/tsgomes/mcad/services/arrecadacao-api/arrecadacao-api)
2026-04-13T10:48:47.987-03:00  INFO 55817 --- [arrecadacao-api] [           main] b.c.e.a.api.ArrecadacaoApplication       : The following 1 profile is active: "dev"
2026-04-13T10:48:48.545-03:00  INFO 55817 --- [arrecadacao-api] [           main] .s.d.r.c.RepositoryConfigurationDelegate : Bootstrapping Spring Data JPA repositories in DEFAULT mode.
2026-04-13T10:48:48.587-03:00  INFO 55817 --- [arrecadacao-api] [           main] .s.d.r.c.RepositoryConfigurationDelegate : Finished Spring Data repository scanning in 36 ms. Found 8 JPA repository interfaces.
2026-04-13T10:48:49.554-03:00  INFO 55817 --- [arrecadacao-api] [           main] o.s.b.w.embedded.tomcat.TomcatWebServer  : Tomcat initialized with port 5003 (http)
2026-04-13T10:48:49.565-03:00  INFO 55817 --- [arrecadacao-api] [           main] o.apache.catalina.core.StandardService   : Starting service [Tomcat]
2026-04-13T10:48:49.565-03:00  INFO 55817 --- [arrecadacao-api] [           main] o.apache.catalina.core.StandardEngine    : Starting Servlet engine: [Apache Tomcat/10.1.31]
2026-04-13T10:48:49.608-03:00  INFO 55817 --- [arrecadacao-api] [           main] o.a.c.c.C.[Tomcat].[localhost].[/]       : Initializing Spring embedded WebApplicationContext
2026-04-13T10:48:49.609-03:00  INFO 55817 --- [arrecadacao-api] [           main] w.s.c.ServletWebServerApplicationContext : Root WebApplicationContext: initialization completed in 1582 ms
2026-04-13T10:48:49.991-03:00  INFO 55817 --- [arrecadacao-api] [           main] com.zaxxer.hikari.HikariDataSource       : HikariPool-1 - Starting...
2026-04-13T10:48:51.553-03:00  INFO 55817 --- [arrecadacao-api] [           main] com.zaxxer.hikari.pool.HikariPool        : HikariPool-1 - Added connection org.postgresql.jdbc.PgConnection@1df06ecd
2026-04-13T10:48:51.554-03:00  INFO 55817 --- [arrecadacao-api] [           main] com.zaxxer.hikari.HikariDataSource       : HikariPool-1 - Start completed.
2026-04-13T10:48:51.902-03:00  INFO 55817 --- [arrecadacao-api] [           main] org.flywaydb.core.FlywayExecutor         : Database: jdbc:postgresql://pg-tsgomes-gomestasso-c981.l.aivencloud.com:14618/defaultdb (PostgreSQL 17.9)
2026-04-13T10:48:52.725-03:00  WARN 55817 --- [arrecadacao-api] [           main] o.f.c.internal.database.base.Database    : Flyway upgrade recommended: PostgreSQL 17.9 is newer than this version of Flyway and support has not been tested. The latest supported version of PostgreSQL is 16.
2026-04-13T10:48:53.578-03:00  INFO 55817 --- [arrecadacao-api] [           main] o.f.core.internal.command.DbValidate     : Successfully validated 10 migrations (execution time 00:00.681s)
2026-04-13T10:48:55.537-03:00  INFO 55817 --- [arrecadacao-api] [           main] o.f.core.internal.command.DbMigrate      : Current version of schema "arrecadacao": 10
2026-04-13T10:48:55.703-03:00  INFO 55817 --- [arrecadacao-api] [           main] o.f.core.internal.command.DbMigrate      : Schema "arrecadacao" is up to date. No migration necessary.
2026-04-13T10:48:56.747-03:00  INFO 55817 --- [arrecadacao-api] [           main] o.hibernate.jpa.internal.util.LogHelper  : HHH000204: Processing PersistenceUnitInfo [name: default]
2026-04-13T10:48:56.775-03:00  INFO 55817 --- [arrecadacao-api] [           main] org.hibernate.Version                    : HHH000412: Hibernate ORM core version 6.5.3.Final
2026-04-13T10:48:56.792-03:00  INFO 55817 --- [arrecadacao-api] [           main] o.h.c.internal.RegionFactoryInitiator    : HHH000026: Second-level cache disabled
2026-04-13T10:48:56.957-03:00  INFO 55817 --- [arrecadacao-api] [           main] o.s.o.j.p.SpringPersistenceUnitInfo      : No LoadTimeWeaver setup: ignoring JPA class transformer
2026-04-13T10:48:58.339-03:00  INFO 55817 --- [arrecadacao-api] [           main] o.h.e.t.j.p.i.JtaPlatformInitiator       : HHH000489: No JTA platform available (set 'hibernate.transaction.jta.platform' to enable JTA platform integration)
2026-04-13T10:48:59.373-03:00  INFO 55817 --- [arrecadacao-api] [           main] j.LocalContainerEntityManagerFactoryBean : Initialized JPA EntityManagerFactory for persistence unit 'default'
2026-04-13T10:48:59.761-03:00  INFO 55817 --- [arrecadacao-api] [           main] o.s.d.j.r.query.QueryEnhancerFactory     : Hibernate is in classpath; If applicable, HQL parser will be used.
2026-04-13T10:49:00.468-03:00  WARN 55817 --- [arrecadacao-api] [           main] JpaBaseConfiguration$JpaWebConfiguration : spring.jpa.open-in-view is enabled by default. Therefore, database queries may be performed during view rendering. Explicitly configure spring.jpa.open-in-view to disable this warning
2026-04-13T10:49:00.763-03:00  INFO 55817 --- [arrecadacao-api] [           main] o.s.b.a.e.web.EndpointLinksResolver      : Exposing 2 endpoints beneath base path '/actuator'
2026-04-13T10:49:01.796-03:00  INFO 55817 --- [arrecadacao-api] [           main] o.s.b.w.embedded.tomcat.TomcatWebServer  : Tomcat started on port 5003 (http) with context path '/'
2026-04-13T10:49:01.808-03:00  INFO 55817 --- [arrecadacao-api] [           main] b.c.e.a.api.ArrecadacaoApplication       : Started ArrecadacaoApplication in 14.166 seconds (process running for 14.443)
2026-04-13T10:49:03.393-03:00  INFO 55817 --- [arrecadacao-api] [           main] b.c.e.a.infra.events.OutboxSeedService   : Outbox seed completed. createdEvents=0
2026-04-13T10:49:10.602-03:00  INFO 55817 --- [arrecadacao-api] [nio-5003-exec-1] o.a.c.c.C.[Tomcat].[localhost].[/]       : Initializing Spring DispatcherServlet 'dispatcherServlet'
2026-04-13T10:49:10.602-03:00  INFO 55817 --- [arrecadacao-api] [nio-5003-exec-1] o.s.web.servlet.DispatcherServlet        : Initializing Servlet 'dispatcherServlet'
2026-04-13T10:49:10.604-03:00  INFO 55817 --- [arrecadacao-api] [nio-5003-exec-1] o.s.web.servlet.DispatcherServlet        : Completed initialization in 1 ms
2026-04-13T10:49:11.122-03:00  INFO 55817 --- [arrecadacao-api] [nio-5003-exec-2] b.c.e.a.a.c.UsuarioMusicaController      : Listando usuários de música com filtros
2026-04-13T10:49:20.152-03:00  INFO 55817 --- [arrecadacao-api] [nio-5003-exec-8] b.c.e.a.a.c.UsuarioMusicaController      : Listando usuários de música com filtros
2026-04-13T16:50:45.633-03:00  WARN 55817 --- [arrecadacao-api] [   scheduling-1] com.zaxxer.hikari.pool.PoolBase          : HikariPool-1 - Failed to validate connection org.postgresql.jdbc.PgConnection@18c4cddc (This connection has been closed.). Possibly consider using a shorter maxLifetime value.
2026-04-13T17:43:37.890-03:00  WARN 55817 --- [arrecadacao-api] [   scheduling-1] com.zaxxer.hikari.pool.PoolBase          : HikariPool-1 - Failed to validate connection org.postgresql.jdbc.PgConnection@379255bc (This connection has been closed.). Possibly consider using a shorter maxLifetime value.
2026-04-13T22:12:02.644-03:00  WARN 55817 --- [arrecadacao-api] [l-1 housekeeper] com.zaxxer.hikari.pool.HikariPool        : HikariPool-1 - Thread starvation or clock leap detected (housekeeper delta=1m18s177ms777µs445ns).
2026-04-14T12:59:59.623-03:00  WARN 55817 --- [arrecadacao-api] [l-1 housekeeper] com.zaxxer.hikari.pool.HikariPool        : HikariPool-1 - Thread starvation or clock leap detected (housekeeper delta=1m7s321ms95µs809ns).
2026-04-14T15:36:41.759-03:00  WARN 55817 --- [arrecadacao-api] [l-1 housekeeper] com.zaxxer.hikari.pool.HikariPool        : HikariPool-1 - Thread starvation or clock leap detected (housekeeper delta=45s584ms505µs205ns).
2026-04-14T16:02:20.999-03:00  WARN 55817 --- [arrecadacao-api] [   scheduling-1] com.zaxxer.hikari.pool.PoolBase          : HikariPool-1 - Failed to validate connection org.postgresql.jdbc.PgConnection@7721f78b (This connection has been closed.). Possibly consider using a shorter maxLifetime value.
2026-04-14T19:21:42.185-03:00  WARN 55817 --- [arrecadacao-api] [l-1 housekeeper] com.zaxxer.hikari.pool.HikariPool        : HikariPool-1 - Thread starvation or clock leap detected (housekeeper delta=1m2s612ms699µs852ns).
