
> mcad-frontend@0.1.0 dev
> vite

Port 5173 is in use, trying another one...
Port 5174 is in use, trying another one...

  VITE v6.3.1  ready in 578 ms

  ➜  Local:   http://localhost:5175/
  ➜  Network: use --host to expose

> mcad-frontend@0.1.0 dev
> vite

Port 5173 is in use, trying another one...
Port 5174 is in use, trying another one...
Port 5175 is in use, trying another one...

  VITE v6.3.1  ready in 938 ms

  ➜  Local:   http://localhost:5176/
  ➜  Network: use --host to expose

> mcad-frontend@0.1.0 dev
> vite

Port 5173 is in use, trying another one...
Port 5174 is in use, trying another one...
Port 5175 is in use, trying another one...
Port 5176 is in use, trying another one...

  VITE v6.3.1  ready in 487 ms

  ➜  Local:   http://localhost:5177/
  ➜  Network: use --host to expose
